[gracethemesdemo.com/the-church/index.html]
[backblue.gif]
[fade.gif]
[index.html]
[gracethemesdemo.com/the-church/feed/index.html]
[gracethemesdemo.com/the-church/comments/feed/index.html]
[gracethemesdemo.com/the-church/wp-includes/js/dist/vendor/wp-polyfill-inert.min0226.js]
[gracethemesdemo.com/the-church/wp-includes/js/dist/vendor/regenerator-runtime.min8fa4.js]
[gracethemesdemo.com/the-church/wp-includes/js/dist/vendor/wp-polyfill.min2c7c.js]
[gracethemesdemo.com/the-church/wp-includes/js/dist/hooks.min2ebd.js]
[stats.wp.com/weedd.js]
[gracethemesdemo.com/the-church/wp-includes/js/jquery/jquery.min3088.js]
[gracethemesdemo.com/the-church/wp-includes/js/jquery/jquery-migrate.min5589.js]
[gracethemesdemo.com/the-church/wp-content/themes/the-church/js/jquery.nivo.slidere35d.js]
[gracethemesdemo.com/the-church/wp-content/themes/the-church/js/custome35d.js]
[gracethemesdemo.com/the-church/wp-content/themes/the-church/testimonialsrotator/js/jquery.quovolver.mine35d.js]
[gracethemesdemo.com/the-church/wp-content/themes/the-church/counter/js/jquery.counterup.mine35d.js]
[gracethemesdemo.com/the-church/wp-content/themes/the-church/counter/js/waypoints.mine35d.js]
[gracethemesdemo.com/the-church/wp-content/themes/the-church/mixitup/jquery_013e35d.js]
[gracethemesdemo.com/the-church/wp-content/themes/the-church/mixitup/jquery_003e35d.js]
[gracethemesdemo.com/the-church/wp-content/themes/the-church/mixitup/jquery.prettyPhoto5152e35d.js]
[gracethemesdemo.com/the-church/wp-content/themes/the-church/js/custom-animatione35d.js]
[gracethemesdemo.com/the-church/xmlrpc0db0.php]
[gracethemesdemo.com/the-church/wp-json/index.html]
[gracethemesdemo.com/the-church/wp-content/themes/the-church/images/footer-bg.jpg]
[gracethemesdemo.com/the-church/left-sidebar/index.html]
[gracethemesdemo.com/the-church/wp-content/themes/the-church/images/slides/slider1.jpg]
[gracethemesdemo.com/the-church/right-sidebar/index.html]
[gracethemesdemo.com/the-church/full-width/index.html]
[gracethemesdemo.com/the-church/no-sidebar/index.html]
[gracethemesdemo.com/the-church/wp-content/themes/the-church/images/slides/slider2.jpg]
[gracethemesdemo.com/the-church/dropdown-level-1/index.html]
[gracethemesdemo.com/the-church/lavel-2/index.html]
[gracethemesdemo.com/the-church/wp-content/themes/the-church/images/slides/slider3.jpg]
[gracethemesdemo.com/the-church/lavel-3/index.html]
[gracethemesdemo.com/the-church/wp-content/themes/the-church/images/services-icon1.png]
[gracethemesdemo.com/the-church/blog-left-sidebar/index.html]
[gracethemesdemo.com/the-church/wp-content/themes/the-church/images/services-icon2.png]
[gracethemesdemo.com/the-church/blog-right-sidebar/index.html]
[gracethemesdemo.com/the-church/wp-content/themes/the-church/images/services-icon3.png]
[gracethemesdemo.com/the-church/wp-content/themes/the-church/images/welcomeimage.jpg]
[gracethemesdemo.com/the-church/blog-full-width/index.html]
[gracethemesdemo.com/the-church/blog-no-sidebar/index.html]
[gracethemesdemo.com/the-church/blog-grid-layout/index.html]
[gracethemesdemo.com/the-church/wp-content/themes/the-church/images/feature1.png]
[gracethemesdemo.com/the-church/gallery/index.html]
[gracethemesdemo.com/the-church/contact-page/index.html]
[gracethemesdemo.com/the-church/wp-content/themes/the-church/images/feature2.png]
[gracethemesdemo.com/the-church/wp-content/themes/the-church/images/feature3.png]
[gracethemesdemo.com/the-church/wp-content/uploads/2018/11/event-1.jpg]
[gracethemesdemo.com/the-church/event/facilisis-metus-noante-male-pellentesque-purus-3/index.html]
[gracethemesdemo.com/the-church/wp-content/uploads/2018/11/event-2.jpg]
[gracethemesdemo.com/the-church/event/facilisis-metus-noante-male-pellentesque-purus-2/index.html]
[gracethemesdemo.com/the-church/wp-content/uploads/2018/11/event-3.jpg]
[gracethemesdemo.com/the-church/wp-content/themes/the-church/images/vision-history.png]
[gracethemesdemo.com/the-church/wp-content/themes/the-church/images/vision.png]
[gracethemesdemo.com/the-church/wp-content/themes/the-church/images/church.png]
[gracethemesdemo.com/the-church/wp-content/uploads/2018/10/blog01.jpg]
[gracethemesdemo.com/the-church/on-the-other-hand/index.html]
[gracethemesdemo.com/the-church/wp-content/uploads/2018/10/blog02.jpg]
[gracethemesdemo.com/the-church/but-i-must-explain-to-you/index.html]
[gracethemesdemo.com/the-church/wp-content/uploads/2018/08/team001.jpg]
[gracethemesdemo.com/the-church/our-team/alex-doe/index.html]
[gracethemesdemo.com/the-church/our-team/jonathan-doe/index.html]
[gracethemesdemo.com/the-church/our-team/martin-doe/index.html]
[gracethemesdemo.com/the-church/wp-content/uploads/2018/08/team003.jpg]
[gracethemesdemo.com/the-church/wp-content/uploads/2018/08/team004.jpg]
[gracethemesdemo.com/the-church/our-team/john-doe/index.html]
[gracethemesdemo.com/the-church/wp-content/themes/the-church/images/section9bg.jpg]
[gracethemesdemo.com/the-church/wp-content/themes/the-church/images/donation-renovation.jpg]
[gracethemesdemo.com/the-church/wp-content/uploads/2018/08/gallery4.jpg]
[gracethemesdemo.com/the-church/wp-content/uploads/2018/08/gallery1.jpg]
[gracethemesdemo.com/the-church/wp-content/uploads/2018/08/gallery2.jpg]
[gracethemesdemo.com/the-church/wp-content/uploads/2018/08/gallery5.jpg]
[gracethemesdemo.com/the-church/wp-content/uploads/2018/08/gallery3.jpg]
[gracethemesdemo.com/the-church/wp-content/uploads/2018/11/product1.jpg]
[gracethemesdemo.com/the-church/wp-content/uploads/2018/11/product2.jpg]
[gracethemesdemo.com/the-church/product/angel/index.html]
[gracethemesdemo.com/the-church/wp-content/uploads/2018/11/product3.jpg]
[gracethemesdemo.com/the-church/index0617.html]
[gracethemesdemo.com/the-church/wp-content/uploads/2018/11/product4.jpg]
[gracethemesdemo.com/the-church/index3c82.html]
[gracethemesdemo.com/the-church/product/holy-bible/index.html]
[gracethemesdemo.com/the-church/wp-content/uploads/2018/10/blog01-150x150.jpg]
[gracethemesdemo.com/the-church/indexcb5c.html]
[gracethemesdemo.com/the-church/wp-content/uploads/2018/10/blog02-150x150.jpg]
[gracethemesdemo.com/the-church/product/beads-cross/index.html]
[gracethemesdemo.com/the-church/wp-content/plugins/woocommerce/assets/js/jquery-blockui/jquery.blockUI.min4f15.js]
[gracethemesdemo.com/the-church/indexf0b3.html]
[gracethemesdemo.com/the-church/wp-content/plugins/woocommerce/assets/js/frontend/add-to-cart.mind03b.js]
[gracethemesdemo.com/the-church/wp-content/plugins/woocommerce/assets/js/js-cookie/js.cookie.min0cef.js]
[gracethemesdemo.com/the-church/wp-content/plugins/woocommerce/assets/js/frontend/woocommerce.mind03b.js]
[gracethemesdemo.com/the-church/index.html]
[gracethemesdemo.com/the-church/xmlrpc.php]
[gracethemesdemo.com/the-church/wp-includes/css/dist/block-library/style.mine35d.css]
[gracethemesdemo.com/the-church/wp-content/plugins/woocommerce/packages/woocommerce-blocks/build/wc-blocks-vendors-stylef192.css]
[gracethemesdemo.com/the-church/wp-content/plugins/woocommerce/packages/woocommerce-blocks/build/wc-blocks-stylef192.css]
[gracethemesdemo.com/the-church/wp-content/plugins/woocommerce/assets/css/woocommerce-layoutd03b.css]
[gracethemesdemo.com/the-church/wp-content/plugins/woocommerce/assets/fonts/star.eot]
[gracethemesdemo.com/the-church/wp-content/plugins/woocommerce/assets/fonts/stard41d.eot]
[gracethemesdemo.com/the-church/wp-content/plugins/woocommerce/assets/fonts/star.woff]
[gracethemesdemo.com/the-church/wp-content/plugins/woocommerce/assets/fonts/star.ttf]
[gracethemesdemo.com/the-church/wp-content/plugins/woocommerce/assets/fonts/WooCommerce.eot]
[gracethemesdemo.com/the-church/wp-content/plugins/woocommerce/assets/fonts/WooCommerce.woff]
[gracethemesdemo.com/the-church/wp-content/plugins/woocommerce/assets/fonts/WooCommerced41d.eot]
[gracethemesdemo.com/the-church/wp-content/plugins/woocommerce/assets/fonts/WooCommerce.ttf]
[gracethemesdemo.com/the-church/wp-content/plugins/woocommerce/assets/css/woocommerced03b.css]
[gracethemesdemo.com/the-church/wp-content/plugins/woocommerce-gateway-paypal-express-checkout/assets/css/wc-gateway-ppec-frontend4c71.css]
[gracethemesdemo.com/the-church/wp-content/themes/the-church/images/icon_quote.png]
[gracethemesdemo.com/the-church/wp-content/themes/the-church/images/mobilenav.png]
[gracethemesdemo.com/the-church/wp-content/themes/the-church/images/search-icon.png]
[gracethemesdemo.com/the-church/wp-content/themes/the-church/images/loading.gif]
[gracethemesdemo.com/the-church/wp-content/themes/the-church/images/up-arrow.png]
[gracethemesdemo.com/the-church/wp-content/themes/the-church/images/videoplaybtn.png]
[gracethemesdemo.com/the-church/wp-content/themes/the-church/images/shop-bag.png]
[gracethemesdemo.com/the-church/wp-content/themes/the-church/stylee35d.css]
[gracethemesdemo.com/the-church/wp-content/themes/the-church/editor-stylee35d.css]
[gracethemesdemo.com/the-church/wp-content/themes/the-church/css/defaulte35d.css]
[gracethemesdemo.com/the-church/wp-content/themes/the-church/images/slide-nav.png]
[gracethemesdemo.com/the-church/wp-content/themes/the-church/css/nivo-slidere35d.css]
[gracethemesdemo.com/the-church/wp-content/themes/the-church/fontsawesome/webfonts/fa-brands-400.eot]
[gracethemesdemo.com/the-church/wp-content/themes/the-church/fontsawesome/webfonts/fa-brands-400.woff]
[gracethemesdemo.com/the-church/wp-content/themes/the-church/fontsawesome/webfonts/fa-brands-400.ttf]
[gracethemesdemo.com/the-church/wp-content/themes/the-church/fontsawesome/webfonts/fa-regular-400.eot]
[gracethemesdemo.com/the-church/wp-content/themes/the-church/fontsawesome/webfonts/fa-regular-400.woff2]
[gracethemesdemo.com/the-church/wp-content/themes/the-church/fontsawesome/webfonts/fa-regular-400d41d.eot]
[gracethemesdemo.com/the-church/wp-content/themes/the-church/fontsawesome/webfonts/fa-regular-400.woff]
[gracethemesdemo.com/the-church/wp-content/themes/the-church/fontsawesome/webfonts/fa-regular-400.ttf]
[gracethemesdemo.com/the-church/wp-content/themes/the-church/fontsawesome/webfonts/fa-solid-900.eot]
[gracethemesdemo.com/the-church/wp-content/themes/the-church/fontsawesome/webfonts/fa-solid-900.woff2]
[gracethemesdemo.com/the-church/wp-content/themes/the-church/fontsawesome/webfonts/fa-solid-900.woff]
[gracethemesdemo.com/the-church/wp-content/themes/the-church/fontsawesome/webfonts/fa-solid-900.ttf]
[gracethemesdemo.com/the-church/wp-content/themes/the-church/fontsawesome/css/fontawesome-alle35d.css]
[gracethemesdemo.com/the-church/wp-content/themes/the-church/css/animatione35d.css]
[gracethemesdemo.com/the-church/wp-content/themes/the-church/css/hovere35d.css]
[gracethemesdemo.com/the-church/wp-content/themes/the-church/css/hover-mine35d.css]
[gracethemesdemo.com/the-church/wp-content/themes/the-church/css/responsivee35d.css]
[gracethemesdemo.com/the-church/wp-content/themes/the-church/mixitup/style-mixitupe35d.css]
[gracethemesdemo.com/the-church/wp-content/themes/the-church/mixitup/prettyPhoto/default/sprite.png]
[gracethemesdemo.com/the-church/wp-content/themes/the-church/mixitup/prettyPhoto/default/sprite_y.png]
[gracethemesdemo.com/the-church/wp-content/themes/the-church/mixitup/prettyPhoto/default/sprite_next.png]
[gracethemesdemo.com/the-church/wp-content/themes/the-church/mixitup/prettyPhoto/default/sprite_prev.png]
[gracethemesdemo.com/the-church/wp-content/themes/the-church/mixitup/prettyPhoto/default/default_thumb.png]
[gracethemesdemo.com/the-church/wp-content/themes/the-church/mixitup/prettyPhoto/default/loader.gif]
[gracethemesdemo.com/the-church/wp-content/themes/the-church/mixitup/prettyPhoto/light_rounded/sprite.png]
[gracethemesdemo.com/the-church/wp-content/themes/the-church/mixitup/prettyPhoto/light_rounded/btnNext.png]
[gracethemesdemo.com/the-church/wp-content/themes/the-church/mixitup/prettyPhoto/light_rounded/btnPrevious.png]
[gracethemesdemo.com/the-church/wp-content/themes/the-church/mixitup/prettyPhoto/dark_rounded/sprite.png]
[gracethemesdemo.com/the-church/wp-content/themes/the-church/mixitup/prettyPhoto/dark_rounded/contentPattern.png]
[gracethemesdemo.com/the-church/wp-content/themes/the-church/mixitup/prettyPhoto/dark_rounded/btnNext.png]
[gracethemesdemo.com/the-church/wp-content/themes/the-church/mixitup/prettyPhoto/dark_rounded/btnPrevious.png]
[gracethemesdemo.com/the-church/wp-content/themes/the-church/mixitup/prettyPhoto/dark_rounded/loader.gif]
[gracethemesdemo.com/the-church/wp-content/themes/the-church/mixitup/prettyPhoto/dark_square/loader.gif]
[gracethemesdemo.com/the-church/wp-content/themes/the-church/mixitup/prettyPhoto/dark_square/sprite.png]
[gracethemesdemo.com/the-church/wp-content/themes/the-church/mixitup/prettyPhoto/dark_square/btnNext.png]
[gracethemesdemo.com/the-church/wp-content/themes/the-church/mixitup/prettyPhoto/dark_square/btnPrevious.png]
[gracethemesdemo.com/the-church/wp-content/themes/the-church/mixitup/prettyPhoto/light_square/sprite.png]
[gracethemesdemo.com/the-church/wp-content/themes/the-church/mixitup/prettyPhoto/light_square/btnNext.png]
[gracethemesdemo.com/the-church/wp-content/themes/the-church/mixitup/prettyPhoto/light_square/btnPrevious.png]
[gracethemesdemo.com/the-church/wp-content/themes/the-church/mixitup/prettyPhoto/facebook/sprite.png]
[gracethemesdemo.com/the-church/wp-content/themes/the-church/mixitup/prettyPhoto/facebook/contentPatternTop.png]
[gracethemesdemo.com/the-church/wp-content/themes/the-church/mixitup/prettyPhoto/facebook/contentPatternLeft.png]
[gracethemesdemo.com/the-church/wp-content/themes/the-church/mixitup/prettyPhoto/facebook/contentPatternRight.png]
[gracethemesdemo.com/the-church/wp-content/themes/the-church/mixitup/prettyPhoto/facebook/loader.gif]
[gracethemesdemo.com/the-church/wp-content/themes/the-church/mixitup/prettyPhoto/facebook/btnNext.png]
[gracethemesdemo.com/the-church/wp-content/themes/the-church/mixitup/prettyPhoto/facebook/btnPrevious.png]
[gracethemesdemo.com/the-church/wp-content/themes/the-church/mixitup/prettyPhoto/facebook/contentPatternBottom.png]
[gracethemesdemo.com/the-church/wp-content/themes/the-church/mixitup/prettyPhoto/facebook/default_thumbnail.gif]
[gracethemesdemo.com/the-church/wp-content/themes/the-church/mixitup/prettyPhoto/light_rounded/loader.gif]
[gracethemesdemo.com/the-church/wp-content/themes/the-church/mixitup/prettyPhotoe735e35d.css]
[gracethemesdemo.com/the-church/wp-content/themes/the-church/css/flexiselcsse35d.css]
[gracethemesdemo.com/the-church/wp-content/themes/the-church/css/animation-stylee35d.css]
[gracethemesdemo.com/the-church/wp-content/themes/the-church/testimonialsrotator/js/owl.carousele35d.js]
[gracethemesdemo.com/the-church/wp-content/themes/the-church/js/jquery.flexisele35d.js]
[gracethemesdemo.com/the-church/about-us/index.html]
[gracethemesdemo.com/the-church/events/index.html]
[gracethemesdemo.com/the-church/wp-json/wp/v2/pages/741.json]
[gracethemesdemo.com/the-church/wp-json/oembed/1.0/embed4dcc.json]
[gracethemesdemo.com/the-church/wp-json/oembed/1.0/embedd9f1]
[gracethemesdemo.com/the-church/wp-content/themes/the-church/images/inner-banner.jpg]
[gracethemesdemo.com/the-church/left-sidebar/index.html]
[gracethemesdemo.com/the-church/2018/10/index.html]
[gracethemesdemo.com/the-church/category/uncategorized/index.html]
[gracethemesdemo.com/the-church/wp-json/wp/v2/pages/820.json]
[gracethemesdemo.com/the-church/2018/08/index.html]
[gracethemesdemo.com/the-church/2016/06/index.html]
[gracethemesdemo.com/the-church/wp-json/oembed/1.0/embed0f7c.json]
[gracethemesdemo.com/the-church/wp-json/oembed/1.0/embedf88f]
[gracethemesdemo.com/the-church/right-sidebar/index.html]
[gracethemesdemo.com/the-church/wp-json/wp/v2/pages/725.json]
[gracethemesdemo.com/the-church/wp-json/oembed/1.0/embeddafb.json]
[gracethemesdemo.com/the-church/wp-json/oembed/1.0/embedebc2]
[gracethemesdemo.com/the-church/full-width/index.html]
[gracethemesdemo.com/the-church/wp-json/wp/v2/pages/817.json]
[gracethemesdemo.com/the-church/wp-json/oembed/1.0/embed83e8.json]
[gracethemesdemo.com/the-church/wp-json/oembed/1.0/embede38e]
[gracethemesdemo.com/the-church/no-sidebar/index.html]
[gracethemesdemo.com/the-church/wp-json/wp/v2/pages/807.json]
[gracethemesdemo.com/the-church/wp-json/oembed/1.0/embedd50b.json]
[gracethemesdemo.com/the-church/wp-json/oembed/1.0/embedb1fb]
[gracethemesdemo.com/the-church/dropdown-level-1/index.html]
[gracethemesdemo.com/the-church/wp-json/wp/v2/pages/812.json]
[gracethemesdemo.com/the-church/wp-json/oembed/1.0/embed689a.json]
[gracethemesdemo.com/the-church/wp-json/oembed/1.0/embed71ba]
[gracethemesdemo.com/the-church/lavel-2/index.html]
[gracethemesdemo.com/the-church/wp-json/wp/v2/pages/815.json]
[gracethemesdemo.com/the-church/wp-json/oembed/1.0/embedcf36.json]
[gracethemesdemo.com/the-church/wp-json/oembed/1.0/embed3c80]
[gracethemesdemo.com/the-church/lavel-3/index.html]
[gracethemesdemo.com/the-church/wp-json/wp/v2/pages/797.json]
[gracethemesdemo.com/the-church/wp-json/oembed/1.0/embedebb9.json]
[gracethemesdemo.com/the-church/wp-json/oembed/1.0/embeda5a4]
[gracethemesdemo.com/the-church/interdum-et-malesuada-fames/index.html]
[gracethemesdemo.com/the-church/donec-in-metus-lectus-integer/index.html]
[gracethemesdemo.com/the-church/curabitur-quis-ultrices-est/index.html]
[gracethemesdemo.com/the-church/wp-login.html]
[gracethemesdemo.com/the-church/hello-world-2/index.html]
[gracethemesdemo.com/the-church/blog-left-sidebar/index.html]
[gracethemesdemo.com/the-church/wp-json/wp/v2/pages/799.json]
[gracethemesdemo.com/the-church/wp-json/oembed/1.0/embedbc71.json]
[gracethemesdemo.com/the-church/wp-json/oembed/1.0/embedbb20]
[gracethemesdemo.com/the-church/blog-right-sidebar/index.html]
[gracethemesdemo.com/the-church/wp-json/wp/v2/pages/835.json]
[gracethemesdemo.com/the-church/wp-json/oembed/1.0/embeda276.json]
[gracethemesdemo.com/the-church/wp-json/oembed/1.0/embed7fc0]
[gracethemesdemo.com/the-church/blog-full-width/index.html]
[gracethemesdemo.com/the-church/wp-json/oembed/1.0/embedc47f.json]
[gracethemesdemo.com/the-church/wp-json/oembed/1.0/embed2277]
[gracethemesdemo.com/the-church/blog-no-sidebar/index.html]
[gracethemesdemo.com/the-church/wp-json/wp/v2/pages/935.json]
[gracethemesdemo.com/the-church/wp-json/oembed/1.0/embed1635.json]
[gracethemesdemo.com/the-church/wp-json/oembed/1.0/embedb40c]
[gracethemesdemo.com/the-church/blog-grid-layout/index.html]
[gracethemesdemo.com/the-church/wp-json/wp/v2/pages/618.json]
[gracethemesdemo.com/the-church/wp-json/oembed/1.0/embedb10e.json]
[gracethemesdemo.com/the-church/wp-json/oembed/1.0/embed842a]
[gracethemesdemo.com/the-church/gallery/index.html]
[gracethemesdemo.com/the-church/wp-json/wp/v2/pages/732.json]
[gracethemesdemo.com/the-church/wp-json/oembed/1.0/embed10d5.json]
[gracethemesdemo.com/the-church/wp-json/oembed/1.0/embedd851]
[gracethemesdemo.com/the-church/contact-page/index.html]
[gracethemesdemo.com/the-church/wp-json/oembed/1.0/embed110a.json]
[gracethemesdemo.com/the-church/wp-content/themes/the-church/images/section1bg.jpg]
[gracethemesdemo.com/the-church/wp-json/oembed/1.0/embedaba3]
[gracethemesdemo.com/the-church/wp-content/uploads/2018/11/event-1-236x300.jpg]
[gracethemesdemo.com/the-church/event/facilisis-metus-noante-male-pellentesque-purus-3/index.html]
[gracethemesdemo.com/the-church/wp-json/oembed/1.0/embedf0aa.json]
[gracethemesdemo.com/the-church/wp-json/oembed/1.0/embed75ee]
[gracethemesdemo.com/the-church/wp-content/uploads/2018/11/event-2-236x300.jpg]
[gracethemesdemo.com/the-church/event/facilisis-metus-noante-male-pellentesque-purus-2/index.html]
[gracethemesdemo.com/the-church/wp-content/themes/the-church/images/feature4.png]
[gracethemesdemo.com/the-church/event/facilisis-metus-noante-male-pellentesque-purus/index.html]
[gracethemesdemo.com/the-church/wp-json/wp/v2/posts/859.json]
[gracethemesdemo.com/the-church/on-the-other-hand/feed/index.html]
[gracethemesdemo.com/the-church/wp-json/oembed/1.0/embedf3ad.json]
[gracethemesdemo.com/the-church/wp-json/oembed/1.0/embed5ddc]
[gracethemesdemo.com/the-church/wp-includes/js/comment-reply.mine35d.js]
[gracethemesdemo.com/the-church/on-the-other-hand/index.html]
[gracethemesdemo.com/the-church/wp-json/wp/v2/posts/857.json]
[gracethemesdemo.com/the-church/but-i-must-explain-to-you/feed/index.html]
[gracethemesdemo.com/the-church/wp-json/oembed/1.0/embeda260.json]
[gracethemesdemo.com/the-church/wp-json/oembed/1.0/embed559c]
[gracethemesdemo.com/the-church/but-i-must-explain-to-you/index.html]
[gracethemesdemo.com/the-church/wp-json/oembed/1.0/embedde50.json]
[gracethemesdemo.com/the-church/wp-json/oembed/1.0/embedd476]
[gracethemesdemo.com/the-church/wp-content/uploads/2018/08/team001-256x300.jpg]
[gracethemesdemo.com/the-church/our-team/alex-doe/index.html]
[gracethemesdemo.com/the-church/wp-json/oembed/1.0/embed96c7.json]
[gracethemesdemo.com/the-church/wp-json/oembed/1.0/embedfa47]
[gracethemesdemo.com/the-church/wp-content/uploads/2018/08/team002-256x300.jpg]
[gracethemesdemo.com/the-church/our-team/jonathan-doe/index.html]
[gracethemesdemo.com/the-church/wp-content/uploads/2018/08/team002.jpg]
[gracethemesdemo.com/the-church/wp-json/oembed/1.0/embed619c.json]
[gracethemesdemo.com/the-church/wp-json/oembed/1.0/embeda0f8]
[gracethemesdemo.com/the-church/wp-content/uploads/2018/08/team003-256x300.jpg]
[gracethemesdemo.com/the-church/our-team/martin-doe/index.html]
[gracethemesdemo.com/the-church/wp-json/oembed/1.0/embed2c6f.json]
[gracethemesdemo.com/the-church/wp-json/oembed/1.0/embedf1d3]
[gracethemesdemo.com/the-church/wp-content/uploads/2018/08/team004-256x300.jpg]
[gracethemesdemo.com/the-church/our-team/john-doe/index.html]
[gracethemesdemo.com/the-church/product/angel/feed/index.html]
[gracethemesdemo.com/the-church/wp-json/wp/v2/product/1013.json]
[gracethemesdemo.com/the-church/wp-json/oembed/1.0/embedd66b]
[gracethemesdemo.com/the-church/wp-json/oembed/1.0/embedcb63]
[gracethemesdemo.com/the-church/wp-content/plugins/woocommerce/assets/js/zoom/jquery.zoom.min1c50.js]
[gracethemesdemo.com/the-church/product-category/uncategorized/index.html]
[gracethemesdemo.com/the-church/wp-content/plugins/woocommerce/assets/js/flexslider/jquery.flexslider.mind768.js]
[gracethemesdemo.com/the-church/product/angel/indexcb5c.html]
[gracethemesdemo.com/the-church/wp-content/plugins/woocommerce/assets/js/photoswipe/photoswipe.min0a2d.js]
[gracethemesdemo.com/the-church/product/angel/indexf0b3.html]
[gracethemesdemo.com/the-church/product/angel/index3c82.html]
[gracethemesdemo.com/the-church/wp-content/plugins/woocommerce/assets/js/photoswipe/photoswipe-ui-default.min0a2d.js]
[gracethemesdemo.com/the-church/wp-content/plugins/woocommerce/assets/js/frontend/single-product.mind03b.js]
[gracethemesdemo.com/the-church/product/angel/index.html]
[gracethemesdemo.com/the-church/wp-includes/js/dist/vendor/regenerator-runtime.min6c85.js]
[gracethemesdemo.com/the-church/wp-includes/js/jquery/jquery.minf43b.js]
[stats.wp.com/wc6fb.js]
[gracethemesdemo.com/the-church/wp-content/themes/the-church/js/jquery.nivo.slider1e39.js]
[gracethemesdemo.com/the-church/wp-content/themes/the-church/js/custom1e39.js]
[gracethemesdemo.com/the-church/wp-content/themes/the-church/testimonialsrotator/js/jquery.quovolver.min1e39.js]
[gracethemesdemo.com/the-church/wp-content/themes/the-church/testimonialsrotator/js/owl.carousel1e39.js]
[gracethemesdemo.com/the-church/wp-content/themes/the-church/counter/js/jquery.counterup.min1e39.js]
[gracethemesdemo.com/the-church/wp-content/themes/the-church/counter/js/waypoints.min1e39.js]
[gracethemesdemo.com/the-church/wp-content/themes/the-church/mixitup/jquery_0131e39.js]
[gracethemesdemo.com/the-church/wp-content/themes/the-church/mixitup/jquery_0031e39.js]
[gracethemesdemo.com/the-church/wp-content/themes/the-church/mixitup/screen1e39.js]
[gracethemesdemo.com/the-church/wp-content/themes/the-church/mixitup/jquery.prettyPhoto51521e39.js]
[gracethemesdemo.com/the-church/wp-content/themes/the-church/js/custom-animation1e39.js]
[gracethemesdemo.com/the-church/index0617.html]
[gracethemesdemo.com/the-church/index3c82.html]
[gracethemesdemo.com/the-church/product/decorative-cross/index.html]
[gracethemesdemo.com/the-church/wp-json/wp/v2/product/1011.json]
[gracethemesdemo.com/the-church/wp-json/oembed/1.0/embedbc81.json]
[gracethemesdemo.com/the-church/wp-json/oembed/1.0/embed705e]
[gracethemesdemo.com/the-church/product/holy-bible/index.html]
[gracethemesdemo.com/the-church/indexcb5c.html]
[gracethemesdemo.com/the-church/product/holy-bible/index0617.html]
[gracethemesdemo.com/the-church/product/beads-cross/feed/index.html]
[gracethemesdemo.com/the-church/product/holy-bible/index3c82.html]
[gracethemesdemo.com/the-church/wp-json/wp/v2/product/1006.json]
[gracethemesdemo.com/the-church/product/holy-bible/indexf0b3.html]
[gracethemesdemo.com/the-church/wp-json/oembed/1.0/embed3d14.json]
[gracethemesdemo.com/the-church/wp-json/oembed/1.0/embed670a]
[gracethemesdemo.com/the-church/product/beads-cross/index.html]
[gracethemesdemo.com/the-church/indexf0b3.html]
[gracethemesdemo.com/the-church/wp-content/plugins/woocommerce/assets/css/woocommerce-smallscreend03b.css]
[gracethemesdemo.com/the-church/wp-content/plugins/woocommerce/assets/fonts/star.svg]
[gracethemesdemo.com/the-church/wp-content/plugins/woocommerce/assets/fonts/WooCommerce.svg]
[gracethemesdemo.com/the-church/wp-content/plugins/woocommerce/assets/images/icons/loader.svg]
[gracethemesdemo.com/the-church/wp-content/plugins/woocommerce/assets/images/icons/credit-cards/visa.svg]
[gracethemesdemo.com/the-church/wp-content/plugins/woocommerce/assets/images/icons/credit-cards/mastercard.svg]
[gracethemesdemo.com/the-church/wp-content/plugins/woocommerce/assets/images/icons/credit-cards/laser.svg]
[gracethemesdemo.com/the-church/wp-content/plugins/woocommerce/assets/images/icons/credit-cards/diners.svg]
[gracethemesdemo.com/the-church/wp-content/plugins/woocommerce/assets/images/icons/credit-cards/maestro.svg]
[gracethemesdemo.com/the-church/wp-content/plugins/woocommerce/assets/images/icons/credit-cards/jcb.svg]
[gracethemesdemo.com/the-church/wp-content/plugins/woocommerce/assets/images/icons/credit-cards/amex.svg]
[gracethemesdemo.com/the-church/wp-content/plugins/woocommerce/assets/images/icons/credit-cards/discover.svg]
[gracethemesdemo.com/the-church/wp-content/themes/the-church/images/videoplaybtn.html]
[gracethemesdemo.com/the-church/wp-content/themes/the-church/images/shop-bag.html]
[gracethemesdemo.com/the-church/wp-content/themes/the-church/fontsawesome/webfonts/fa-brands-400d41d.eot]
[gracethemesdemo.com/the-church/product/beads-cross/index0617.html]
[gracethemesdemo.com/the-church/product/beads-cross/indexcb5c.html]
[gracethemesdemo.com/the-church/product/beads-cross/index3c82.html]
[gracethemesdemo.com/the-church/wp-content/themes/the-church/fontsawesome/webfonts/fa-brands-400.svg]
[gracethemesdemo.com/the-church/wp-content/themes/the-church/fontsawesome/webfonts/fa-brands-400.woff2]
[gracethemesdemo.com/the-church/wp-content/themes/the-church/fontsawesome/webfonts/fa-regular-400.svg]
[gracethemesdemo.com/the-church/wp-content/themes/the-church/fontsawesome/webfonts/fa-solid-900d41d.eot]
[gracethemesdemo.com/the-church/wp-content/themes/the-church/testimonialsrotator/images/quote.png]
[gracethemesdemo.com/the-church/wp-content/themes/the-church/images/arrow_prev.png]
[gracethemesdemo.com/the-church/wp-content/themes/the-church/images/arrow_next.png]
[gracethemesdemo.com/the-church/wp-content/themes/the-church/testimonialsrotator/js/tm-rotatore35d.css]
[gracethemesdemo.com/the-church/wp-content/themes/the-church/testimonialsrotator/js/owl.video.play.png]
[gracethemesdemo.com/the-church/wp-content/themes/the-church/testimonialsrotator/js/owl.carousele35d.css]
[gracethemesdemo.com/the-church/wp-content/themes/the-church/mixitup/prettyPhoto/default/sprite_x.png]
[gracethemesdemo.com/the-church/wp-content/themes/the-church/mixitup/screene35d.js]
[gracethemesdemo.com/the-church/wp-json/wp/v2/pages/790.json]
[gracethemesdemo.com/the-church/wp-json/oembed/1.0/embed9650.json]
[gracethemesdemo.com/the-church/wp-json/oembed/1.0/embed8565]
[gracethemesdemo.com/the-church/about-us/index.html]
[gracethemesdemo.com/the-church/wp-json/wp/v2/pages/504.json]
[gracethemesdemo.com/the-church/wp-json/oembed/1.0/embed8f1d.json]
[gracethemesdemo.com/the-church/wp-json/oembed/1.0/embedd746]
[gracethemesdemo.com/the-church/events/index.html]
[gracethemesdemo.com/the-church/index00c2.html]
[gracethemesdemo.com/the-church/category/uncategorized/feed/index.html]
[gracethemesdemo.com/the-church/category/theme-bala-panda/index.html]
[stats.wp.com/w45ea.js]
[gracethemesdemo.com/the-church/wp-json/wp/v2/categories/1.json]
[gracethemesdemo.com/the-church/category/uncategorized/index.html]
[gracethemesdemo.com/the-church/2018/10/index.html]
[gracethemesdemo.com/the-church/2018/08/index.html]
[gracethemesdemo.com/the-church/2016/06/index.html]
[gracethemesdemo.com/the-church/indexccf0.html]
[gracethemesdemo.com/the-church/index1583.html]
[gracethemesdemo.com/the-church/indexeba0.html]
[gracethemesdemo.com/the-church/index0d13.html]
[gracethemesdemo.com/the-church/index4e02.html]
[gracethemesdemo.com/the-church/indexe398.html]
[gracethemesdemo.com/the-church/index1ca9.html]
[gracethemesdemo.com/the-church/donec-in-metus-lectus-integer/feed/index.html]
[gracethemesdemo.com/the-church/wp-json/wp/v2/posts/855.json]
[gracethemesdemo.com/the-church/wp-json/oembed/1.0/embed9c5a.json]
[gracethemesdemo.com/the-church/wp-json/oembed/1.0/embed5733]
[gracethemesdemo.com/the-church/donec-in-metus-lectus-integer/index.html]
[gracethemesdemo.com/the-church/curabitur-quis-ultrices-est/feed/index.html]
[gracethemesdemo.com/the-church/wp-json/wp/v2/posts/653.json]
[gracethemesdemo.com/the-church/wp-json/oembed/1.0/embed5689.json]
[gracethemesdemo.com/the-church/wp-json/oembed/1.0/embede370]
[gracethemesdemo.com/the-church/curabitur-quis-ultrices-est/index.html]
[gracethemesdemo.com/the-church/tag/wordpress/index.html]
[gracethemesdemo.com/the-church/tag/wordpress-template/index.html]
[gracethemesdemo.com/the-church/interdum-et-malesuada-fames/feed/index.html]
[gracethemesdemo.com/the-church/wp-json/wp/v2/posts/651.json]
[gracethemesdemo.com/the-church/wp-json/oembed/1.0/embedf6e0.json]
[gracethemesdemo.com/the-church/wp-json/oembed/1.0/embed7bba]
[gracethemesdemo.com/the-church/interdum-et-malesuada-fames/index.html]
[gracethemesdemo.com/the-church/hello-world-2/feed/index.html]
[gracethemesdemo.com/the-church/wp-json/wp/v2/posts/114.json]
[gracethemesdemo.com/the-church/wp-json/oembed/1.0/embedca39.json]
[gracethemesdemo.com/the-church/wp-json/oembed/1.0/embed1255]
[gracethemesdemo.com/the-church/hello-world-2/index.html]
[gracethemesdemo.com/the-church/hello-world-2/index0e22.html]
[gracethemesdemo.com/the-church/wp-includes/js/zxcvbn-async.min5152.js]
[gracethemesdemo.com/the-church/wp-includes/js/dist/i18n.minf92f.js]
[gracethemesdemo.com/the-church/my-account/lost-password/index.html]
[gracethemesdemo.com/the-church/wp-admin/js/password-strength-meter.min1e39.js]
[gracethemesdemo.com/the-church/wp-includes/js/underscore.mind584.js]
[gracethemesdemo.com/the-church/wp-includes/js/wp-util.min1e39.js]
[gracethemesdemo.com/the-church/wp-login.html]
[gracethemesdemo.com/the-church/indexa49c.html]
[gracethemesdemo.com/the-church/index7a13.html]
[gracethemesdemo.com/the-church/index8ae4.html]
[gracethemesdemo.com/the-church/index3ba5.html]
[gracethemesdemo.com/the-church/indexab36.html]
[gracethemesdemo.com/the-church/indexdc3d.html]
[gracethemesdemo.com/the-church/indexc56d.html]
[gracethemesdemo.com/the-church/indexca89.html]
[gracethemesdemo.com/the-church/wp-json/wp/v2/pages/798]
[gracethemesdemo.com/the-church/wp-json/oembed/1.0/embed00dd.json]
[gracethemesdemo.com/the-church/wp-json/oembed/1.0/embed27d9]
[gracethemesdemo.com/the-church/wp-content/uploads/2018/11/event-3-236x300.jpg]
[gracethemesdemo.com/the-church/event/facilisis-metus-noante-male-pellentesque-purus/index.html]
[gracethemesdemo.com/the-church/index049d.html]
[gracethemesdemo.com/the-church/index6374.html]
[gracethemesdemo.com/the-church/index2fb6.html]
[gracethemesdemo.com/the-church/indexa9e1.html]
[gracethemesdemo.com/the-church/indexca7f.html]
[gracethemesdemo.com/the-church/indexbdc9.html]
[gracethemesdemo.com/the-church/wp-content/plugins/woocommerce/assets/css/photoswipe/default-skin/default-skin.png]
[gracethemesdemo.com/the-church/wp-content/plugins/woocommerce/assets/css/photoswipe/photoswipe.mind03b.css]
[gracethemesdemo.com/the-church/wp-content/plugins/woocommerce/assets/css/photoswipe/default-skin/preloader.gif]
[gracethemesdemo.com/the-church/wp-content/plugins/woocommerce/assets/css/photoswipe/default-skin/default-skin.mind03b.css]
[gracethemesdemo.com/the-church/index5a2e.html]
[gracethemesdemo.com/the-church/wp-content/themes/the-church/images/section4bg.jpg]
[gracethemesdemo.com/the-church/wp-json/wp/v2/product_cat/27.json]
[gracethemesdemo.com/the-church/product-category/uncategorized/index.html]
[gracethemesdemo.com/the-church/product-category/uncategorized/feed/index.html]
[gracethemesdemo.com/the-church/product-category/uncategorized/indexf0b3.html]
[gracethemesdemo.com/the-church/wp-includes/js/comment-reply.min1e39.js]
[gracethemesdemo.com/the-church/product-category/uncategorized/index0617.html]
[gracethemesdemo.com/the-church/product/angel/indexcb5c.html]
[gracethemesdemo.com/the-church/product-category/uncategorized/index3c82.html]
[gracethemesdemo.com/the-church/product/angel/indexf0b3.html]
[gracethemesdemo.com/the-church/product/angel/index3c82.html]
[gracethemesdemo.com/the-church/wp-includes/css/dist/block-library/style.min1e39.css]
[gracethemesdemo.com/the-church/wp-content/themes/the-church/style1e39.css]
[gracethemesdemo.com/the-church/wp-content/themes/the-church/editor-style1e39.css]
[gracethemesdemo.com/the-church/wp-content/themes/the-church/css/nivo-slider1e39.css]
[gracethemesdemo.com/the-church/wp-content/themes/the-church/fontsawesome/css/fontawesome-all1e39.css]
[gracethemesdemo.com/the-church/wp-content/themes/the-church/css/animation1e39.css]
[gracethemesdemo.com/the-church/product-category/uncategorized/indexcb5c.html]
[gracethemesdemo.com/the-church/wp-content/themes/the-church/css/hover1e39.css]
[gracethemesdemo.com/the-church/wp-content/themes/the-church/css/hover-min1e39.css]
[gracethemesdemo.com/the-church/wp-content/themes/the-church/testimonialsrotator/js/tm-rotator1e39.css]
[gracethemesdemo.com/the-church/wp-content/themes/the-church/css/responsive1e39.css]
[gracethemesdemo.com/the-church/wp-content/themes/the-church/mixitup/style-mixitup1e39.css]
[gracethemesdemo.com/the-church/wp-content/themes/the-church/mixitup/prettyPhotoe7351e39.css]
[gracethemesdemo.com/the-church/wp-content/themes/the-church/css/flexiselcss1e39.css]
[gracethemesdemo.com/the-church/wp-content/themes/the-church/css/animation-style1e39.css]
[gracethemesdemo.com/the-church/product/decorative-cross/feed/index.html]
[gracethemesdemo.com/the-church/wp-content/themes/the-church/js/jquery.flexisel1e39.js]
[gracethemesdemo.com/the-church/wp-json/wp/v2/product/1012.json]
[gracethemesdemo.com/the-church/cart/index.html]
[gracethemesdemo.com/the-church/wp-json/oembed/1.0/embed02c0.json]
[gracethemesdemo.com/the-church/wp-json/oembed/1.0/embedca75]
[gracethemesdemo.com/the-church/product/decorative-cross/index.html]
[gracethemesdemo.com/the-church/product/holy-bible/feed/index.html]
[gracethemesdemo.com/the-church/product/holy-bible/index0617.html]
[gracethemesdemo.com/the-church/product/holy-bible/index3c82.html]
[gracethemesdemo.com/the-church/product/holy-bible/indexf0b3.html]
[gracethemesdemo.com/the-church/index846b.html]
[gracethemesdemo.com/the-church/product/beads-cross/index3c82.html]
[gracethemesdemo.com/the-church/product/beads-cross/indexcb5c.html]
[gracethemesdemo.com/the-church/product/beads-cross/index0617.html]
[gracethemesdemo.com/the-church/product/decorative-cross/indexcb5c.html]
[gracethemesdemo.com/the-church/product/decorative-cross/index0617.html]
[gracethemesdemo.com/the-church/wp-content/themes/the-church/fontsawesome/webfonts/fa-solid-900.svg]
[gracethemesdemo.com/the-church/wp-content/themes/the-church/testimonialsrotator/js/owl.video.play.html]
[gracethemesdemo.com/the-church/index895e.html]
[gracethemesdemo.com/the-church/indexbc6e.html]
[gracethemesdemo.com/the-church/product/decorative-cross/indexf0b3.html]
[gracethemesdemo.com/the-church/wp-json/wp/v2/categories/28.json]
[gracethemesdemo.com/the-church/category/theme-bala-panda/index.html]
[gracethemesdemo.com/the-church/indexc3f0.html]
[gracethemesdemo.com/the-church/index5d49.html]
[gracethemesdemo.com/the-church/category/theme-bala-panda/feed/index.html]
[gracethemesdemo.com/the-church/wp-json/wp/v2/tags/5.json]
[gracethemesdemo.com/the-church/tag/wordpress/index.html]
[gracethemesdemo.com/the-church/tag/wordpress/feed/index.html]
[gracethemesdemo.com/the-church/wp-json/wp/v2/tags/6.json]
[gracethemesdemo.com/the-church/tag/wordpress-template/index.html]
[gracethemesdemo.com/the-church/indexa26f.html]
[gracethemesdemo.com/the-church/index30a5.html]
[gracethemesdemo.com/the-church/hello-world-2/index0e22.html]
[gracethemesdemo.com/the-church/tag/wordpress-template/feed/index.html]
[gracethemesdemo.com/the-church/wp-includes/fonts/dashicons7d4b.eot]
[gracethemesdemo.com/the-church/wp-includes/fonts/dashicons7d4b.ttf]
[gracethemesdemo.com/the-church/wp-includes/css/dashicons.min1e39.css]
[gracethemesdemo.com/the-church/wp-includes/css/buttons.min1e39.css]
[gracethemesdemo.com/the-church/wp-admin/images/loading.gif]
[gracethemesdemo.com/the-church/wp-admin/css/forms.min1e39.css]
[gracethemesdemo.com/the-church/wp-admin/css/l10n.min1e39.css]
[gracethemesdemo.com/the-church/wp-admin/images/w-logo-blue7a53.png]
[gracethemesdemo.com/the-church/wp-admin/css/login.min1e39.css]
[gracethemesdemo.com/the-church/wp-json/wp/v2/pages/1005.json]
[gracethemesdemo.com/the-church/wp-json/oembed/1.0/embedc021.json]
[gracethemesdemo.com/the-church/my-account/index.html]
[gracethemesdemo.com/the-church/wp-json/oembed/1.0/embed23ae]
[gracethemesdemo.com/the-church/wp-content/plugins/woocommerce/assets/js/selectWoo/selectWoo.full.min2963.js]
[gracethemesdemo.com/the-church/wp-content/plugins/woocommerce/assets/js/frontend/password-strength-meter.mind03b.js]
[gracethemesdemo.com/the-church/wp-content/plugins/woocommerce/assets/js/frontend/lost-password.mind03b.js]
[gracethemesdemo.com/the-church/my-account/lost-password/index.html]
[gracethemesdemo.com/the-church/indexf8c8.html]
[gracethemesdemo.com/the-church/wp-content/plugins/woocommerce/assets/css/photoswipe/default-skin/default-skin.svg]
[gracethemesdemo.com/the-church/product-category/uncategorized/index0617.html]
[gracethemesdemo.com/the-church/product-category/uncategorized/indexf0b3.html]
[gracethemesdemo.com/the-church/product-category/uncategorized/index3c82.html]
[gracethemesdemo.com/the-church/product-category/uncategorized/indexcb5c.html]
[gracethemesdemo.com/the-church/wp-admin/js/user-profile.min1e39.js]
[gracethemesdemo.com/the-church/wp-json/wp/v2/pages/1003.json]
[gracethemesdemo.com/the-church/wp-json/oembed/1.0/embed0ea4.json]
[gracethemesdemo.com/the-church/wp-json/oembed/1.0/embeda973]
[gracethemesdemo.com/the-church/wp-content/plugins/woocommerce/assets/js/frontend/country-select.mind03b.js]
[gracethemesdemo.com/the-church/wp-content/plugins/woocommerce/assets/js/frontend/address-i18n.mind03b.js]
[gracethemesdemo.com/the-church/wp-content/plugins/woocommerce/assets/js/frontend/cart.mind03b.js]
[gracethemesdemo.com/the-church/wp-content/plugins/woocommerce-gateway-paypal-express-checkout/assets/js/wc-gateway-ppec-smart-payment-buttons4c71.js]
[gracethemesdemo.com/the-church/cart/index.html]
[gracethemesdemo.com/the-church/wp-content/themes/the-church/css/default1e39.css]
[gracethemesdemo.com/the-church/wp-content/themes/the-church/testimonialsrotator/js/owl.carousel1e39.css]
[gracethemesdemo.com/the-church/index8f57.html]
[gracethemesdemo.com/the-church/product/decorative-cross/indexcb5c.html]
[gracethemesdemo.com/the-church/product/decorative-cross/index0617.html]
[gracethemesdemo.com/the-church/product/decorative-cross/indexf0b3.html]
[gracethemesdemo.com/the-church/index3388.html]
[gracethemesdemo.com/the-church/wp-admin/images/wordpress-logo7d6b.svg]
[gracethemesdemo.com/the-church/wp-content/plugins/woocommerce/assets/css/select2d03b.css]
[gracethemesdemo.com/the-church/my-account/index.html]
[gracethemesdemo.com/the-church/index7eba.html]
[gracethemesdemo.com/the-church/index5a7f.html]
[gracethemesdemo.com/the-church/cart/index232f.html]
[gracethemesdemo.com/the-church/cart/index7932.html]
[gracethemesdemo.com/the-church/cart/index0bb1.html]
[gracethemesdemo.com/the-church/cart/indexf69a.html]
[gracethemesdemo.com/the-church/checkout/index.html]
[gracethemesdemo.com/the-church/cart/indexaafe.html]
[gracethemesdemo.com/the-church/cart/indexaafe.html]
[gracethemesdemo.com/the-church/cart/index143f.html]
[gracethemesdemo.com/the-church/cart/index5441.html]
[gracethemesdemo.com/the-church/cart/index699b.html]
[gracethemesdemo.com/the-church/cart/index4d1e.html]
[gracethemesdemo.com/the-church/shop/index.html]
[gracethemesdemo.com/the-church/shop/index.html]
[gracethemesdemo.com/the-church/shop/feed/index.html]
[gracethemesdemo.com/the-church/shop/index0617.html]
[gracethemesdemo.com/the-church/shop/indexf0b3.html]
[gracethemesdemo.com/the-church/shop/index3c82.html]
[gracethemesdemo.com/the-church/shop/index0617.html]
[gracethemesdemo.com/the-church/shop/indexcb5c.html]
[gracethemesdemo.com/the-church/shop/indexf0b3.html]
[gracethemesdemo.com/the-church/shop/index3c82.html]
[gracethemesdemo.com/the-church/shop/indexcb5c.html]
